[02:37:27] repo=/gacalc proofs=/gacalc/proofs files=['G3.lean', 'Sandwich.lean', 'Reflect.lean', 'Projection2D.lean', 'Projection3D.lean', 'Trig.lean', 'ProjectionRotation2D.lean', 'ProjectionRotation3D.lean']
[02:37:27] baseline lake build…
[02:37:30] 206 candidate component(s) across 8 files
[02:37:36]   keep G3.lean:mul_eq_dot_add_wedge:ha12  (needed — reverted)
[02:37:41]   keep G3.lean:mul_eq_dot_add_wedge:ha123  (needed — reverted)
[02:37:46]   keep G3.lean:mul_eq_dot_add_wedge:ha13  (needed — reverted)
[02:37:52]   keep G3.lean:mul_eq_dot_add_wedge:ha23  (needed — reverted)
[02:37:57]   DROP G3.lean:mul_eq_dot_add_wedge:has  (green)
[02:38:02]   keep G3.lean:mul_eq_dot_add_wedge:hb12  (needed — reverted)
[02:38:07]   keep G3.lean:mul_eq_dot_add_wedge:hb123  (needed — reverted)
[02:38:13]   keep G3.lean:mul_eq_dot_add_wedge:hb13  (needed — reverted)
[02:38:18]   keep G3.lean:mul_eq_dot_add_wedge:hb23  (needed — reverted)
[02:38:23]   keep G3.lean:mul_eq_dot_add_wedge:hbs  (needed — reverted)
[02:38:28]   keep G3.lean:wedge_self_vec:ha12  (needed — reverted)
[02:38:34]   keep G3.lean:wedge_self_vec:ha13  (needed — reverted)
[02:38:39]   keep G3.lean:wedge_self_vec:ha23  (needed — reverted)
[02:38:44]   keep G3.lean:wedge_self_vec:has  (needed — reverted)
[02:38:49]   keep G3.lean:dot_self_vec_eq_normSq:ha12  (needed — reverted)
[02:38:54]   keep G3.lean:dot_self_vec_eq_normSq:ha123  (needed — reverted)
[02:38:59]   keep G3.lean:dot_self_vec_eq_normSq:ha13  (needed — reverted)
[02:39:05]   keep G3.lean:dot_self_vec_eq_normSq:ha23  (needed — reverted)
[02:39:10]   DROP G3.lean:dot_self_vec_eq_normSq:has  (green)
[02:39:15]   keep G3.lean:mul_vec_self:ha12  (needed — reverted)
[02:39:20]   keep G3.lean:mul_vec_self:ha123  (needed — reverted)
[02:39:26]   keep G3.lean:mul_vec_self:ha13  (needed — reverted)
[02:39:31]   keep G3.lean:mul_vec_self:ha23  (needed — reverted)
[02:39:36]   keep G3.lean:mul_vec_self:has  (needed — reverted)
[02:39:52]   keep Sandwich.lean:dot_reverse_sandwich:hR1  (needed — reverted)
[02:40:00]   keep Sandwich.lean:dot_reverse_sandwich:hR2  (needed — reverted)
[02:40:08]   DROP Sandwich.lean:dot_reverse_sandwich:hu12  (green)
[02:40:17]   DROP Sandwich.lean:dot_reverse_sandwich:hus  (green)
[02:40:25]   DROP Sandwich.lean:dot_reverse_sandwich:hv12  (green)
[02:40:33]   DROP Sandwich.lean:dot_reverse_sandwich:hvs  (green)
[02:40:42]   keep Sandwich.lean:normSq_reverse_sandwich:hR1  (needed — reverted)
[02:40:50]   keep Sandwich.lean:normSq_reverse_sandwich:hR2  (needed — reverted)
[02:40:58]   DROP Sandwich.lean:normSq_reverse_sandwich:hv12  (green)
[02:41:07]   DROP Sandwich.lean:normSq_reverse_sandwich:hvs  (green)
[02:41:15]   DROP Sandwich.lean:mul_triv_reverse_self:hT1  (green)
[02:41:24]   keep Sandwich.lean:mul_triv_reverse_self:hT12  (needed — reverted)
[02:41:32]   keep Sandwich.lean:mul_triv_reverse_self:hT13  (needed — reverted)
[02:41:40]   DROP Sandwich.lean:mul_triv_reverse_self:hT2  (green)
[02:41:49]   keep Sandwich.lean:mul_triv_reverse_self:hT23  (needed — reverted)
[02:41:57]   DROP Sandwich.lean:mul_triv_reverse_self:hT3  (green)
[02:42:05]   keep Sandwich.lean:mul_triv_reverse_self:hTs  (needed — reverted)
[02:42:14]   keep Sandwich.lean:dot_reverse_sandwich:hR1  (needed — reverted)
[02:42:14]   skip Sandwich.lean:dot_reverse_sandwich:hR123 (could not edit cleanly)
[02:42:22]   keep Sandwich.lean:dot_reverse_sandwich:hR2  (needed — reverted)
[02:42:22]   skip Sandwich.lean:dot_reverse_sandwich:hR3 (could not edit cleanly)
[02:42:22]   skip Sandwich.lean:dot_reverse_sandwich:hu12 (could not edit cleanly)
[02:42:22]   skip Sandwich.lean:dot_reverse_sandwich:hu123 (could not edit cleanly)
[02:42:22]   skip Sandwich.lean:dot_reverse_sandwich:hu13 (could not edit cleanly)
[02:42:22]   skip Sandwich.lean:dot_reverse_sandwich:hu23 (could not edit cleanly)
[02:42:22]   skip Sandwich.lean:dot_reverse_sandwich:hus (could not edit cleanly)
[02:42:22]   skip Sandwich.lean:dot_reverse_sandwich:hv12 (could not edit cleanly)
[02:42:22]   skip Sandwich.lean:dot_reverse_sandwich:hv123 (could not edit cleanly)
[02:42:22]   skip Sandwich.lean:dot_reverse_sandwich:hv13 (could not edit cleanly)
[02:42:22]   skip Sandwich.lean:dot_reverse_sandwich:hv23 (could not edit cleanly)
[02:42:22]   skip Sandwich.lean:dot_reverse_sandwich:hvs (could not edit cleanly)
[02:42:30]   keep Sandwich.lean:normSq_reverse_sandwich:hR1  (needed — reverted)
[02:42:30]   skip Sandwich.lean:normSq_reverse_sandwich:hR123 (could not edit cleanly)
[02:42:39]   keep Sandwich.lean:normSq_reverse_sandwich:hR2  (needed — reverted)
[02:42:39]   skip Sandwich.lean:normSq_reverse_sandwich:hR3 (could not edit cleanly)
[02:42:39]   skip Sandwich.lean:normSq_reverse_sandwich:hv12 (could not edit cleanly)
[02:42:39]   skip Sandwich.lean:normSq_reverse_sandwich:hv123 (could not edit cleanly)
[02:42:39]   skip Sandwich.lean:normSq_reverse_sandwich:hv13 (could not edit cleanly)
[02:42:39]   skip Sandwich.lean:normSq_reverse_sandwich:hv23 (could not edit cleanly)
[02:42:39]   skip Sandwich.lean:normSq_reverse_sandwich:hvs (could not edit cleanly)
[02:42:51]   keep Sandwich.lean:wedge_reverse_sandwich:hR1  (needed — reverted)
[02:43:03]   keep Sandwich.lean:wedge_reverse_sandwich:hR123  (needed — reverted)
[02:43:14]   keep Sandwich.lean:wedge_reverse_sandwich:hR2  (needed — reverted)
[02:43:26]   keep Sandwich.lean:wedge_reverse_sandwich:hR3  (needed — reverted)
[02:43:35]   DROP Sandwich.lean:wedge_reverse_sandwich:hu12  (green)
[02:43:43]   DROP Sandwich.lean:wedge_reverse_sandwich:hu123  (green)
[02:43:52]   DROP Sandwich.lean:wedge_reverse_sandwich:hu13  (green)
[02:44:01]   DROP Sandwich.lean:wedge_reverse_sandwich:hu23  (green)
[02:44:10]   DROP Sandwich.lean:wedge_reverse_sandwich:hus  (green)
[02:44:18]   DROP Sandwich.lean:wedge_reverse_sandwich:hv12  (green)
[02:44:27]   DROP Sandwich.lean:wedge_reverse_sandwich:hv123  (green)
[02:44:37]   DROP Sandwich.lean:wedge_reverse_sandwich:hv13  (green)
[02:44:46]   DROP Sandwich.lean:wedge_reverse_sandwich:hv23  (green)
[02:44:56]   DROP Sandwich.lean:wedge_reverse_sandwich:hvs  (green)
[02:45:06]   keep Sandwich.lean:normSq_reverse_sandwich_wedge:hR1  (needed — reverted)
[02:45:16]   keep Sandwich.lean:normSq_reverse_sandwich_wedge:hR123  (needed — reverted)
[02:45:26]   keep Sandwich.lean:normSq_reverse_sandwich_wedge:hR2  (needed — reverted)
[02:45:37]   keep Sandwich.lean:normSq_reverse_sandwich_wedge:hR3  (needed — reverted)
[02:45:46]   DROP Sandwich.lean:normSq_reverse_sandwich_wedge:hu12  (green)
[02:45:56]   DROP Sandwich.lean:normSq_reverse_sandwich_wedge:hu123  (green)
[02:46:05]   DROP Sandwich.lean:normSq_reverse_sandwich_wedge:hu13  (green)
[02:46:15]   DROP Sandwich.lean:normSq_reverse_sandwich_wedge:hu23  (green)
[02:46:24]   DROP Sandwich.lean:normSq_reverse_sandwich_wedge:hus  (green)
[02:46:35]   DROP Sandwich.lean:normSq_reverse_sandwich_wedge:hv12  (green)
[02:46:45]   DROP Sandwich.lean:normSq_reverse_sandwich_wedge:hv123  (green)
[02:46:55]   DROP Sandwich.lean:normSq_reverse_sandwich_wedge:hv13  (green)
[02:47:06]   DROP Sandwich.lean:normSq_reverse_sandwich_wedge:hv23  (green)
[02:47:20]   DROP Sandwich.lean:normSq_reverse_sandwich_wedge:hvs  (green)
[02:47:34]   keep Sandwich.lean:mul_biv_reverse_self:hB1  (needed — reverted)
[02:47:47]   keep Sandwich.lean:mul_biv_reverse_self:hB123  (needed — reverted)
[02:48:01]   keep Sandwich.lean:mul_biv_reverse_self:hB2  (needed — reverted)
[02:48:14]   keep Sandwich.lean:mul_biv_reverse_self:hB3  (needed — reverted)
[02:48:28]   DROP Sandwich.lean:mul_biv_reverse_self:hBs  (green)
[02:48:28]   skip Sandwich.lean:versorFromVectors_mul_reverse:ha12 (could not edit cleanly)
[02:48:28]   skip Sandwich.lean:versorFromVectors_mul_reverse:ha123 (could not edit cleanly)
[02:48:28]   skip Sandwich.lean:versorFromVectors_mul_reverse:ha13 (could not edit cleanly)
[02:48:28]   skip Sandwich.lean:versorFromVectors_mul_reverse:ha23 (could not edit cleanly)
[02:48:28]   skip Sandwich.lean:versorFromVectors_mul_reverse:has (could not edit cleanly)
[02:48:28]   skip Sandwich.lean:versorFromVectors_mul_reverse:hb12 (could not edit cleanly)
[02:48:28]   skip Sandwich.lean:versorFromVectors_mul_reverse:hb123 (could not edit cleanly)
[02:48:28]   skip Sandwich.lean:versorFromVectors_mul_reverse:hb13 (could not edit cleanly)
[02:48:28]   skip Sandwich.lean:versorFromVectors_mul_reverse:hb23 (could not edit cleanly)
[02:48:28]   skip Sandwich.lean:versorFromVectors_mul_reverse:hbs (could not edit cleanly)
[02:48:40]   keep Reflect.lean:normSq_reflectVec:hd12  (needed — reverted)
[02:48:46]   keep Reflect.lean:normSq_reflectVec:hd123  (needed — reverted)
[02:48:52]   keep Reflect.lean:normSq_reflectVec:hd13  (needed — reverted)
[02:48:58]   keep Reflect.lean:normSq_reflectVec:hd23  (needed — reverted)
[02:49:04]   keep Reflect.lean:normSq_reflectVec:hds  (needed — reverted)
[02:49:09]   DROP Projection2D.lean:wedge_self_vec:ha12  (green)
[02:49:14]   keep Projection2D.lean:wedge_self_vec:has  (needed — reverted)
[02:49:19]   keep Projection2D.lean:mul_eq_dot_add_wedge:ha12  (needed — reverted)
[02:49:24]   DROP Projection2D.lean:mul_eq_dot_add_wedge:has  (green)
[02:49:29]   keep Projection2D.lean:mul_eq_dot_add_wedge:hb12  (needed — reverted)
[02:49:34]   keep Projection2D.lean:mul_eq_dot_add_wedge:hbs  (needed — reverted)
[02:49:40]   keep Projection2D.lean:wedge_reverse_sandwich:hR1  (needed — reverted)
[02:49:45]   keep Projection2D.lean:wedge_reverse_sandwich:hR2  (needed — reverted)
[02:49:50]   DROP Projection2D.lean:wedge_reverse_sandwich:hu12  (green)
[02:49:55]   DROP Projection2D.lean:wedge_reverse_sandwich:hus  (green)
[02:50:00]   DROP Projection2D.lean:wedge_reverse_sandwich:hv12  (green)
[02:50:05]   DROP Projection2D.lean:wedge_reverse_sandwich:hvs  (green)
[02:50:10]   keep Projection2D.lean:normSq_reverse_sandwich_wedge:hR1  (needed — reverted)
[02:50:16]   keep Projection2D.lean:normSq_reverse_sandwich_wedge:hR2  (needed — reverted)
[02:50:21]   DROP Projection2D.lean:normSq_reverse_sandwich_wedge:hu12  (green)
[02:50:26]   DROP Projection2D.lean:normSq_reverse_sandwich_wedge:hus  (green)
[02:50:31]   DROP Projection2D.lean:normSq_reverse_sandwich_wedge:hv12  (green)
[02:50:36]   DROP Projection2D.lean:normSq_reverse_sandwich_wedge:hvs  (green)
[02:50:44]   DROP Projection3D.lean:dual_wedge_perp_left_dot:ha12  (green)
[02:50:52]   DROP Projection3D.lean:dual_wedge_perp_left_dot:ha123  (green)
[02:51:00]   DROP Projection3D.lean:dual_wedge_perp_left_dot:ha13  (green)
[02:51:08]   DROP Projection3D.lean:dual_wedge_perp_left_dot:ha23  (green)
[02:51:16]   keep Projection3D.lean:dual_wedge_perp_left_dot:has  (needed — reverted)
[02:51:24]   DROP Projection3D.lean:dual_wedge_perp_left_dot:hb12  (green)
[02:51:32]   DROP Projection3D.lean:dual_wedge_perp_left_dot:hb123  (green)
[02:51:39]   DROP Projection3D.lean:dual_wedge_perp_left_dot:hb13  (green)
[02:51:47]   DROP Projection3D.lean:dual_wedge_perp_left_dot:hb23  (green)
[02:51:55]   keep Projection3D.lean:dual_wedge_perp_left_dot:hbs  (needed — reverted)
[02:52:03]   DROP Projection3D.lean:dual_wedge_perp_right_dot:ha12  (green)
[02:52:11]   DROP Projection3D.lean:dual_wedge_perp_right_dot:ha123  (green)
[02:52:19]   DROP Projection3D.lean:dual_wedge_perp_right_dot:ha13  (green)
[02:52:26]   DROP Projection3D.lean:dual_wedge_perp_right_dot:ha23  (green)
[02:52:34]   DROP Projection3D.lean:dual_wedge_perp_right_dot:has  (green)
[02:52:42]   keep Projection3D.lean:dual_wedge_perp_right_dot:hb12  (needed — reverted)
[02:52:50]   DROP Projection3D.lean:dual_wedge_perp_right_dot:hb123  (green)
[02:52:58]   keep Projection3D.lean:dual_wedge_perp_right_dot:hb13  (needed — reverted)
[02:53:06]   keep Projection3D.lean:dual_wedge_perp_right_dot:hb23  (needed — reverted)
[02:53:13]   keep Projection3D.lean:dual_wedge_perp_right_dot:hbs  (needed — reverted)
[02:53:21]   keep Projection3D.lean:project_add_reject:hB1  (needed — reverted)
[02:53:29]   keep Projection3D.lean:project_add_reject:hB123  (needed — reverted)
[02:53:37]   keep Projection3D.lean:project_add_reject:hB2  (needed — reverted)
[02:53:45]   keep Projection3D.lean:project_add_reject:hB3  (needed — reverted)
[02:53:52]   keep Projection3D.lean:project_add_reject:hBs  (needed — reverted)
[02:54:00]   keep Projection3D.lean:project_add_reject:ha12  (needed — reverted)
[02:54:08]   DROP Projection3D.lean:project_add_reject:ha123  (green)
[02:54:16]   keep Projection3D.lean:project_add_reject:ha13  (needed — reverted)
[02:54:24]   keep Projection3D.lean:project_add_reject:ha23  (needed — reverted)
[02:54:31]   DROP Projection3D.lean:project_add_reject:has  (green)
[02:54:40]   keep Projection3D.lean:reject_eq_proj_normal:hB1  (needed — reverted)
[02:54:47]   keep Projection3D.lean:reject_eq_proj_normal:hB123  (needed — reverted)
[02:54:55]   keep Projection3D.lean:reject_eq_proj_normal:hB2  (needed — reverted)
[02:55:03]   keep Projection3D.lean:reject_eq_proj_normal:hB3  (needed — reverted)
[02:55:11]   keep Projection3D.lean:reject_eq_proj_normal:hBs  (needed — reverted)
[02:55:19]   DROP Projection3D.lean:reject_eq_proj_normal:hc12  (green)
[02:55:27]   DROP Projection3D.lean:reject_eq_proj_normal:hc123  (green)
[02:55:35]   DROP Projection3D.lean:reject_eq_proj_normal:hc13  (green)
[02:55:43]   DROP Projection3D.lean:reject_eq_proj_normal:hc23  (green)
[02:55:51]   keep Projection3D.lean:reject_eq_proj_normal:hcs  (needed — reverted)
[02:55:56]   keep Trig.lean:lagrange_property:ha12  (needed — reverted)
[02:56:01]   keep Trig.lean:lagrange_property:ha123  (needed — reverted)
[02:56:06]   keep Trig.lean:lagrange_property:ha13  (needed — reverted)
[02:56:10]   keep Trig.lean:lagrange_property:ha23  (needed — reverted)
[02:56:16]   DROP Trig.lean:lagrange_property:has  (green)
[02:56:20]   keep Trig.lean:lagrange_property:hb12  (needed — reverted)
[02:56:25]   keep Trig.lean:lagrange_property:hb123  (needed — reverted)
[02:56:30]   keep Trig.lean:lagrange_property:hb13  (needed — reverted)
[02:56:35]   keep Trig.lean:lagrange_property:hb23  (needed — reverted)
[02:56:40]   keep Trig.lean:lagrange_property:hbs  (needed — reverted)
[02:56:45]   keep Trig.lean:lagrange_property:ha12  (needed — reverted)
[02:56:45]   skip Trig.lean:lagrange_property:has (could not edit cleanly)
[02:56:50]   keep Trig.lean:lagrange_property:hb12  (needed — reverted)
[02:56:55]   keep Trig.lean:lagrange_property:hbs  (needed — reverted)
[02:57:00]   keep ProjectionRotation2D.lean:mul_vec_self:ha12  (needed — reverted)
[02:57:05]   keep ProjectionRotation2D.lean:mul_vec_self:has  (needed — reverted)
[02:57:10]   DROP ProjectionRotation2D.lean:normSq_mul_three_vec:hf12  (green)
[02:57:15]   DROP ProjectionRotation2D.lean:normSq_mul_three_vec:hfs  (green)
[02:57:20]   keep ProjectionRotation2D.lean:normSq_mul_three_vec:ht12  (needed — reverted)
[02:57:25]   keep ProjectionRotation2D.lean:normSq_mul_three_vec:hts  (needed — reverted)
[02:57:30]   keep ProjectionRotation2D.lean:normSq_mul_three_vec:hv12  (needed — reverted)
[02:57:35]   keep ProjectionRotation2D.lean:normSq_mul_three_vec:hvs  (needed — reverted)
[02:57:40]   keep ProjectionRotation2D.lean:reverse_versorFromVectors_mul:hf12  (needed — reverted)
[02:57:45]   keep ProjectionRotation2D.lean:reverse_versorFromVectors_mul:hfs  (needed — reverted)
[02:57:50]   keep ProjectionRotation2D.lean:reverse_versorFromVectors_mul:ht12  (needed — reverted)
[02:57:55]   keep ProjectionRotation2D.lean:reverse_versorFromVectors_mul:hts  (needed — reverted)
[02:59:49]   DROP ProjectionRotation3D.lean:wedge_vec_wedge_self:ha12  (green)
[03:01:37]   DROP ProjectionRotation3D.lean:wedge_vec_wedge_self:ha123  (green)
[03:03:24]   DROP ProjectionRotation3D.lean:wedge_vec_wedge_self:ha13  (green)
[03:05:13]   DROP ProjectionRotation3D.lean:wedge_vec_wedge_self:ha23  (green)
[03:07:04]   keep ProjectionRotation3D.lean:wedge_vec_wedge_self:has  (needed — reverted)
[03:08:51]   DROP ProjectionRotation3D.lean:wedge_vec_wedge_self:hb12  (green)
[03:10:38]   DROP ProjectionRotation3D.lean:wedge_vec_wedge_self:hb123  (green)
[03:12:26]   DROP ProjectionRotation3D.lean:wedge_vec_wedge_self:hb13  (green)
[03:14:13]   DROP ProjectionRotation3D.lean:wedge_vec_wedge_self:hb23  (green)
[03:16:04]   keep ProjectionRotation3D.lean:wedge_vec_wedge_self:hbs  (needed — reverted)
[03:16:17]   rm no-op obtain  Sandwich.lean:obtain ⟨_, _⟩ := hu
[03:16:31]   rm no-op obtain  Sandwich.lean:obtain ⟨_, _⟩ := hv
[03:16:44]   rm no-op obtain  Sandwich.lean:obtain ⟨_, _⟩ := hv
[03:16:58]   rm no-op obtain  Sandwich.lean:obtain ⟨_, _, _, _, _⟩ := hu
[03:17:12]   rm no-op obtain  Sandwich.lean:obtain ⟨_, _, _, _, _⟩ := hv
[03:17:25]   rm no-op obtain  Sandwich.lean:obtain ⟨_, _, _, _, _⟩ := hu
[03:17:39]   rm no-op obtain  Sandwich.lean:obtain ⟨_, _, _, _, _⟩ := hv
[03:17:50]   rm no-op obtain  Reflect.lean:obtain ⟨_, _, _, _, _⟩ := hv_isv
[03:17:56]   rm no-op obtain  Projection2D.lean:obtain ⟨_, _⟩ := hu
[03:18:01]   rm no-op obtain  Projection2D.lean:obtain ⟨_, _⟩ := hv
[03:18:06]   rm no-op obtain  Projection2D.lean:obtain ⟨_, _⟩ := hu
[03:18:11]   rm no-op obtain  Projection2D.lean:obtain ⟨_, _⟩ := hv
[03:18:19]   rm no-op obtain  Projection3D.lean:obtain ⟨_, _, _, _, _⟩ := ha
[03:18:24]   rm no-op obtain  ProjectionRotation2D.lean:obtain ⟨_, _⟩ := hf
[03:18:24] trimmed 73/206 candidates; removed 14 no-op obtain(s); running full gate…
[03:20:21] FINAL GATE GREEN — trims kept.
